C:\Archivos de programa\Pauscal\Editor\Compilador\Globales.bdp
C:\Archivos de programa\Pauscal\Editor\Compilador\Win32.bdp
C:\Archivos de programa\Pauscal\Editor\Compilador\Errores.bdp
C:\Archivos de programa\Pauscal\Editor\Compilador\Conversiones.bdp
C:\Archivos de programa\Pauscal\Editor\Compilador\Archivos.bdp
C:\Archivos de programa\Pauscal\Editor\Compilador\Variante.bdp
C:\Archivos de programa\Pauscal\Editor\Compilador\IO.bdp
C:\Archivos de programa\Pauscal\Editor\Compilador\VisualBasicIO.bdp
C:\Archivos de programa\Pauscal\Editor\Compilador\Vdisk.bdp
C:\Archivos de programa\Pauscal\Editor\Compilador\EstrucControl.bdp
C:\Archivos de programa\Pauscal\Editor\Compilador\Excepciones.bdp
C:\Archivos de programa\Pauscal\Editor\Compilador\Validadores.bdp
C:\Archivos de programa\Pauscal\Editor\Compilador\Precomp.bdp
C:\Archivos de programa\Pauscal\Editor\Compilador\Tipos.bdp
C:\Archivos de programa\Pauscal\Editor\Compilador\Derivadas.bdp
C:\Archivos de programa\Pauscal\Editor\Compilador\Variables.bdp
C:\Archivos de programa\Pauscal\Editor\Compilador\Expresiones.bdp
C:\Archivos de programa\Pauscal\Editor\Compilador\Instrucciones.bdp
C:\Archivos de programa\Pauscal\Editor\Compilador\Linea.bdp
C:\Archivos de programa\Pauscal\Editor\Compilador\Modulo.bdp
C:\Archivos de programa\Pauscal\Editor\Compilador\Compilador.bdp
